// Jest Snapshot v1, https://goo.gl/fbAQLP

exports[`Metrics: TTI should compute a simulated value 1`] = `
Object {
  "optimistic": 4177,
  "pessimistic": 4233,
  "timing": 4205,
}
`;
